{
  "status": "success",
  "data": {
    "groups": [
      {
        "name": "group1",
        "file": "testdata/rules1.yml",
        "rules": [
          {
            "name": "metric1",
            "query": "0",
            "labels": {
              "namespace": "ns1"
            },
            "health": "ok",
            "evaluationTime": 0.000214303,
            "lastEvaluation": "2024-04-29T14:23:52.403557247+02:00",
            "type": "recording"
          },
          {
            "name": "metric2",
            "query": "1",
            "labels": {
              "namespace": "ns1",
              "operation": "create"
            },
            "health": "ok",
            "evaluationTime": 0.000214,
            "lastEvaluation": "2024-04-29T14:23:53.403557247+02:00",
            "type": "recording"
          },
          {
            "name": "metric2",
            "query": "0",
            "labels": {
              "namespace": "ns1",
              "operation": "update"
            },
            "health": "ok",
            "evaluationTime": 0.000214,
            "lastEvaluation": "2024-04-29T14:23:54.403557247+02:00",
            "type": "recording"
          },
          {
            "name": "metric2",
            "query": "0",
            "labels": {
              "namespace": "ns1",
              "operation": "delete"
            },
            "health": "ok",
            "evaluationTime": 0.000214,
            "lastEvaluation": "2024-04-29T14:23:53.603557247+02:00",
            "type": "recording"
          },
          {
            "state": "firing",
            "name": "Alert1",
            "query": "metric1{namespace=\"ns1\"} == 0",
            "duration": 0,
            "keepFiringFor": 0,
            "labels": {
              "namespace": "ns1"
            },
            "annotations": {},
            "alerts": [
              {
                "labels": {
                  "alertname": "Alert1",
                  "namespace": "ns1"
                },
                "annotations": {},
                "state": "firing",
                "activeAt": "2019-12-18T13:14:44.543981127+01:00",
                "value": "0e+00"
              }
            ],
            "health": "ok",
            "evaluationTime": 0.000214,
            "lastEvaluation": "2024-04-29T14:23:53.803557247+02:00",
            "type": "alerting"
          },
          {
            "state": "firing",
            "name": "Alert2",
            "query": "metric2{namespace=\"ns1\"} == 0",
            "duration": 0,
            "keepFiringFor": 0,
            "labels": {
              "namespace": "ns1"
            },
            "annotations": {},
            "alerts": [
              {
                "labels": {
                  "alertname": "Alert2",
                  "namespace": "ns1",
                  "operation": "update"
                },
                "annotations": {},
                "state": "firing",
                "activeAt": "2019-12-18T13:14:44.543981127+01:00",
                "value": "0e+00"
              },
              {
                "labels": {
                  "alertname": "Alert2",
                  "namespace": "ns1",
                  "operation": "delete"
                },
                "annotations": {},
                "state": "firing",
                "activeAt": "2019-12-18T13:14:44.543981127+01:00",
                "value": "0e+00"
              }
            ],
            "health": "ok",
            "evaluationTime": 0.000214,
            "lastEvaluation": "2024-04-29T14:23:53.903557247+02:00",
            "type": "alerting"
          }
        ],
        "interval": 10
      }
    ]
  }
}