{
  "status": "success",
  "data": {
    "groups": [
      {
        "name": "group1",
        "file": "testdata/rules1.yml",
        "rules": [
          {
            "name": "metric1",
            "query": "0",
            "labels": {
              "namespace": "ns1"
            },
            "health": "ok",
            "type": "recording"
          },
          {
            "name": "metric2",
            "query": "1",
            "labels": {
              "namespace": "ns1",
              "operation": "create"
            },
            "health": "ok",
            "type": "recording"
          },
          {
            "name": "metric2",
            "query": "0",
            "labels": {
              "namespace": "ns1",
              "operation": "update"
            },
            "health": "ok",
            "type": "recording"
          },
          {
            "name": "metric2",
            "query": "0",
            "labels": {
              "namespace": "ns1",
              "operation": "delete"
            },
            "health": "ok",
            "type": "recording"
          },
          {
            "name": "Alert1",
            "query": "metric1{namespace=\"ns1\"} == 0",
            "duration": 0,
            "labels": {
              "namespace": "ns1"
            },
            "annotations": {},
            "alerts": [
              {
                "labels": {
                  "alertname": "Alert1",
                  "namespace": "ns1"
                },
                "annotations": {},
                "state": "firing",
                "activeAt": "2019-12-18T13:14:44.543981127+01:00",
                "value": "0e+00"
              }
            ],
            "health": "ok",
            "type": "alerting"
          },
          {
            "name": "Alert2",
            "query": "metric2{namespace=\"ns1\"} == 0",
            "duration": 0,
            "labels": {
              "namespace": "ns1"
            },
            "annotations": {},
            "alerts": [
              {
                "labels": {
                  "alertname": "Alert2",
                  "namespace": "ns1",
                  "operation": "update"
                },
                "annotations": {},
                "state": "firing",
                "activeAt": "2019-12-18T13:14:44.543981127+01:00",
                "value": "0e+00"
              },
              {
                "labels": {
                  "alertname": "Alert2",
                  "namespace": "ns1",
                  "operation": "delete"
                },
                "annotations": {},
                "state": "firing",
                "activeAt": "2019-12-18T13:14:44.543981127+01:00",
                "value": "0e+00"
              }
            ],
            "health": "ok",
            "type": "alerting"
          }
        ],
        "interval": 10
      },
      {
        "name": "group1",
        "file": "testdata/rules2.yml",
        "rules": [
          {
            "name": "metric1",
            "query": "1",
            "labels": {
              "namespace": "ns2"
            },
            "health": "ok",
            "type": "recording"
          },
          {
            "name": "Alert1",
            "query": "metric1{namespace=\"ns2\"} == 0",
            "duration": 0,
            "labels": {
              "namespace": "ns2"
            },
            "annotations": {},
            "alerts": [],
            "health": "ok",
            "type": "alerting"
          }
        ],
        "interval": 10
      },
      {
        "name": "group2",
        "file": "testdata/rules2.yml",
        "rules": [
          {
            "name": "metric2",
            "query": "1",
            "labels": {
              "namespace": "ns2",
              "operation": "create"
            },
            "health": "ok",
            "type": "recording"
          },
          {
            "name": "metric2",
            "query": "2",
            "labels": {
              "namespace": "ns2",
              "operation": "update"
            },
            "health": "ok",
            "type": "recording"
          },
          {
            "name": "metric2",
            "query": "3",
            "labels": {
              "namespace": "ns2",
              "operation": "delete"
            },
            "health": "ok",
            "type": "recording"
          },
          {
            "name": "metric3",
            "query": "0",
            "labels": {
              "namespace": "ns2"
            },
            "health": "ok",
            "type": "recording"
          },
          {
            "name": "Alert2",
            "query": "metric2{namespace=\"ns2\"} == 0",
            "duration": 0,
            "labels": {
              "namespace": "ns2"
            },
            "annotations": {},
            "alerts": [],
            "health": "ok",
            "type": "alerting"
          },
          {
            "name": "Alert3",
            "query": "metric3{namespace=\"ns2\"} == 0",
            "duration": 0,
            "labels": {
              "namespace": "ns2"
            },
            "annotations": {},
            "alerts": [
              {
                "labels": {
                  "alertname": "Alert3",
                  "namespace": "ns2"
                },
                "annotations": {},
                "state": "firing",
                "activeAt": "2019-12-18T13:14:39.972915521+01:00",
                "value": "0e+00"
              }
            ],
            "health": "ok",
            "type": "alerting"
          }
        ],
        "interval": 10
      }
    ]
  }
}